I'm sorry, but errors were detected in your script. Please correct the
errors listed below, and try again.


File "game/script.rpy", line 3576: end of line expected.
    hide Julia with moveout left
                            ^

Ren'Py Version: Ren'Py 7.4.4.1439
Thu Feb 15 11:44:22 2024
